[2026-08-09 19:27:50.472] [info] Using configuration file /home/otrava/.config/waybar/config.jsonc
[2026-08-09 19:27:50.474] [info] Using CSS file /home/otrava/.config/waybar/style.css
[2026-08-09 19:27:50.477] [info] Hyprland IPC starting
[2026-08-09 19:27:50.478] [info] Loading persistent workspaces from Hyprland workspace rules
[2026-08-09 19:27:50.486] [info] Loading persistent workspaces from Hyprland workspace rules
[2026-08-09 19:27:50.706] [info] Bar configured (width: 1354, height: 40) for output: DP-1
[2026-08-09 19:27:50.706] [info] Bar configured (width: 2548, height: 40) for output: DP-3
[2026-08-09 19:28:05.912] [info] Hyprland config reloaded, reinitializing hyprland/workspaces module...
[2026-08-09 19:28:05.915] [info] Loading persistent workspaces from Hyprland workspace rules
[2026-08-09 19:28:05.915] [info] Hyprland config reloaded, reinitializing hyprland/workspaces module...
[2026-08-09 19:28:05.916] [info] Loading persistent workspaces from Hyprland workspace rules
[2026-08-09 19:29:06.368] [info] Hyprland config reloaded, reinitializing hyprland/workspaces module...
[2026-08-09 19:29:06.372] [info] Loading persistent workspaces from Hyprland workspace rules
[2026-08-09 19:29:06.372] [info] Hyprland config reloaded, reinitializing hyprland/workspaces module...
[2026-08-09 19:29:06.372] [info] Loading persistent workspaces from Hyprland workspace rules
[2026-08-09 19:31:48.276] [info] Hyprland config reloaded, reinitializing hyprland/workspaces module...
[2026-08-09 19:31:48.280] [info] Loading persistent workspaces from Hyprland workspace rules
[2026-08-09 19:31:48.280] [info] Hyprland config reloaded, reinitializing hyprland/workspaces module...
[2026-08-09 19:31:48.280] [info] Loading persistent workspaces from Hyprland workspace rules
[2026-08-09 19:37:07.823] [info] Hyprland config reloaded, reinitializing hyprland/workspaces module...
[2026-08-09 19:37:07.827] [info] Loading persistent workspaces from Hyprland workspace rules
[2026-08-09 19:37:07.827] [info] Hyprland config reloaded, reinitializing hyprland/workspaces module...
[2026-08-09 19:37:07.827] [info] Loading persistent workspaces from Hyprland workspace rules
Gdk-Message: 19:40:23.986: Error reading events from display: Broken pipe
